
dell@ZOUD MINGW64 /d/Person/ProSpace/WebJPackage/gitPackage/stu (master)
$ git init
Initialized empty Git repository in D:/Person/ProSpace/WebJPackage/gitPackage/st
u/.git/

dell@ZOUD MINGW64 /d/Person/ProSpace/WebJPackage/gitPackage/stu (master)
$ git add README.md
fatal: pathspec 'README.md' did not match any files

dell@ZOUD MINGW64 /d/Person/ProSpace/WebJPackage/gitPackage/stu (master)
$ git add README.md

dell@ZOUD MINGW64 /d/Person/ProSpace/WebJPackage/gitPackage/stu (master)
$ git commit -m "first commit"
[master (root-commit) ab0282d] first commit
 1 file changed, 0 insertions(+), 0 deletions(-)
 create mode 100644 README.md

dell@ZOUD MINGW64 /d/Person/ProSpace/WebJPackage/gitPackage/stu (master)
$ git branch -M main

dell@ZOUD MINGW64 /d/Person/ProSpace/WebJPackage/gitPackage/stu (main)
$ git remote add origin git@github.com:anz130/stu.git

dell@ZOUD MINGW64 /d/Person/ProSpace/WebJPackage/gitPackage/stu (main)
$ git push -u origin main
The authenticity of host 'github.com (20.205.243.166)' can't be established.
ED25519 key fingerprint is SHA256:+DiY3wvvV6TuJJhbpZisF/zLDA0zPMSvHdkr4UvCOqU.
This key is not known by any other names.
Are you sure you want to continue connecting (yes/no/[fingerprint])?
Host key verification failed.
fatal: Could not read from remote repository.

Please make sure you have the correct access rights
and the repository exists.

dell@ZOUD MINGW64 /d/Person/ProSpace/WebJPackage/gitPackage/stu (main)
$ git push -u origin main
The authenticity of host 'github.com (20.205.243.166)' can't be established.
ED25519 key fingerprint is SHA256:+DiY3wvvV6TuJJhbpZisF/zLDA0zPMSvHdkr4UvCOqU.
This key is not known by any other names.
Are you sure you want to continue connecting (yes/no/[fingerprint])? yes
Warning: Permanently added 'github.com' (ED25519) to the list of known hosts.
Enumerating objects: 3, done.
Counting objects: 100% (3/3), done.
Writing objects: 100% (3/3), 208 bytes | 208.00 KiB/s, done.
Total 3 (delta 0), reused 0 (delta 0), pack-reused 0
To github.com:anz130/stu.git
 * [new branch]      main -> main
branch 'main' set up to track 'origin/main'.

dell@ZOUD MINGW64 /d/Person/ProSpace/WebJPackage/gitPackage/stu (main)
$ ^C

dell@ZOUD MINGW64 /d/Person/ProSpace/WebJPackage/gitPackage/stu (main)
$ git add ./*

dell@ZOUD MINGW64 /d/Person/ProSpace/WebJPackage/gitPackage/stu (main)
$ git commit -m 'first run sbo'
[main 79842a7] first run sbo
 10 files changed, 630 insertions(+)
 create mode 100644 stu_sbtWeb/.gitignore
 create mode 100644 stu_sbtWeb/.mvn/wrapper/maven-wrapper.jar
 create mode 100644 stu_sbtWeb/.mvn/wrapper/maven-wrapper.properties
 create mode 100644 stu_sbtWeb/mvnw
 create mode 100644 stu_sbtWeb/mvnw.cmd
 create mode 100644 stu_sbtWeb/pom.xml
 create mode 100644 stu_sbtWeb/src/main/java/sbt/FirstWeb.java
 create mode 100644 stu_sbtWeb/src/main/java/sbt/StuSbtWebApplication.java
 create mode 100644 stu_sbtWeb/src/main/resources/application.properties
 create mode 100644 stu_sbtWeb/src/test/java/sbt/StuSbtWebApplicationTests.java

dell@ZOUD MINGW64 /d/Person/ProSpace/WebJPackage/gitPackage/stu (main)
$ git push
Enumerating objects: 24, done.
Counting objects: 100% (24/24), done.
Delta compression using up to 8 threads
Compressing objects: 100% (18/18), done.
Writing objects: 100% (23/23), 63.01 KiB | 208.00 KiB/s, done.
Total 23 (delta 0), reused 0 (delta 0), pack-reused 0
To github.com:anz130/stu.git
   ab0282d..79842a7  main -> main

dell@ZOUD MINGW64 /d/Person/ProSpace/WebJPackage/gitPackage/stu (main)
$ git log
commit 7fe6a2cb40bce5e7744fa3d9a1eb8e1e4f91ba77 (HEAD -> main)
Author: anz130 <zxf130@hotmail.com>
Date:   Thu Jul 27 14:58:17 2023 +0800

    thisCompile test

commit 79842a7d3d5a456a3773108d2df2bf744caffb71 (origin/main)
Author: anz130 <zxf130@hotmail.com>
Date:   Thu Jul 27 14:49:11 2023 +0800

    first run sbo

commit ab0282de5332e000bc3e8aac97673333bcb48480
Author: anz130 <zxf130@hotmail.com>
Date:   Thu Jul 27 13:57:42 2023 +0800

    first commit

dell@ZOUD MINGW64 /d/Person/ProSpace/WebJPackage/gitPackage/stu (main)
$ ssh-keygen -t ecdas -b 521 -C "zxf130@hotmail.com"
unknown key type ecdas

dell@ZOUD MINGW64 /d/Person/ProSpace/WebJPackage/gitPackage/stu (main)
$ ssh-keygen -t ecdsa -b 521 -C "zxf130@hotmail.com"
Generating public/private ecdsa key pair.
Enter file in which to save the key (/c/Users/dell/.ssh/id_ecdsa):
Enter passphrase (empty for no passphrase):
Enter same passphrase again:
Your identification has been saved in /c/Users/dell/.ssh/id_ecdsa
Your public key has been saved in /c/Users/dell/.ssh/id_ecdsa.pub
The key fingerprint is:
SHA256:P+UXIbCr3fxqJ5UrlVcYvuh7g8Dvbvp/Fjrn9Rjf5Aw zxf130@hotmail.com
The key's randomart image is:
+---[ECDSA 521]---+
|          .      |
|           o  .  |
|          . ...o |
|           . .o..|
|        S.. ...+.|
|         +o=. *o.|
|        . ++++Eo+|
|           .O==X*|
|          .B*OB=*|
+----[SHA256]-----+

dell@ZOUD MINGW64 /d/Person/ProSpace/WebJPackage/gitPackage/stu (main)
$ git push
Connection reset by 20.205.243.166 port 22
fatal: Could not read from remote repository.

Please make sure you have the correct access rights
and the repository exists.

dell@ZOUD MINGW64 /d/Person/ProSpace/WebJPackage/gitPackage/stu (main)
$ git log
commit 7fe6a2cb40bce5e7744fa3d9a1eb8e1e4f91ba77 (HEAD -> main, origin/main)
Author: anz130 <zxf130@hotmail.com>
Date:   Thu Jul 27 14:58:17 2023 +0800

    thisCompile test

commit 79842a7d3d5a456a3773108d2df2bf744caffb71
Author: anz130 <zxf130@hotmail.com>
Date:   Thu Jul 27 14:49:11 2023 +0800

    first run sbo

commit ab0282de5332e000bc3e8aac97673333bcb48480
Author: anz130 <zxf130@hotmail.com>
Date:   Thu Jul 27 13:57:42 2023 +0800

    first commit

dell@ZOUD MINGW64 /d/Person/ProSpace/WebJPackage/gitPackage/stu (main)
$
